I'm sorry, but errors were detected in your script. Please correct the
errors listed below, and try again.


File "game/1_backend_scripts/map.rpy", line 55: the at keyword argument was not given a value.
    add "player_id" at
                       ^

Ren'Py Version: Ren'Py 8.5.3.26051504
Wed Jun 10 20:27:52 2026
